Using pre-set license
Built from '2022.3/staging' branch; Version is '2022.3.17f1 (4fc78088f837) revision 5228416'; Using compiler version '192829333'; Build Type 'Release'
OS: 'Windows 11  (10.0.26100) 64bit Core' Language: 'en' Physical Memory: 32602 MB
BatchMode: 1, IsHumanControllingUs: 0, StartBugReporterOnCrash: 0, Is64bit: 1, IsPro: 1

COMMAND LINE ARGUMENTS:
C:\Program Files\Unity\Hub\Editor\2022.3.17f1\Editor\Unity.exe
-adb2
-batchMode
-noUpm
-name
AssetImportWorker3
-projectPath
C:/Users/kiwib/OneDrive/Documents/GitHub/Untitled-Bacteria-Game/Lab3FR
-logFile
Logs/AssetImportWorker3.log
-srvPort
61089
Successfully changed project path to: C:/Users/kiwib/OneDrive/Documents/GitHub/Untitled-Bacteria-Game/Lab3FR
C:/Users/kiwib/OneDrive/Documents/GitHub/Untitled-Bacteria-Game/Lab3FR
[UnityMemory] Configuration Parameters - Can be set up in boot.config
    "memorysetup-bucket-allocator-granularity=16"
    "memorysetup-bucket-allocator-bucket-count=8"
    "memorysetup-bucket-allocator-block-size=33554432"
    "memorysetup-bucket-allocator-block-count=8"
    "memorysetup-main-allocator-block-size=16777216"
    "memorysetup-thread-allocator-block-size=16777216"
    "memorysetup-gfx-main-allocator-block-size=16777216"
    "memorysetup-gfx-thread-allocator-block-size=16777216"
    "memorysetup-cache-allocator-block-size=4194304"
    "memorysetup-typetree-allocator-block-size=2097152"
    "memorysetup-profiler-bucket-allocator-granularity=16"
    "memorysetup-profiler-bucket-allocator-bucket-count=8"
    "memorysetup-profiler-bucket-allocator-block-size=33554432"
    "memorysetup-profiler-bucket-allocator-block-count=8"
    "memorysetup-profiler-allocator-block-size=16777216"
    "memorysetup-profiler-editor-allocator-block-size=1048576"
    "memorysetup-temp-allocator-size-main=16777216"
    "memorysetup-job-temp-allocator-block-size=2097152"
    "memorysetup-job-temp-allocator-block-size-background=1048576"
    "memorysetup-job-temp-allocator-reduction-small-platforms=262144"
    "memorysetup-allocator-temp-initial-block-size-main=262144"
    "memorysetup-allocator-temp-initial-block-size-worker=262144"
    "memorysetup-temp-allocator-size-background-worker=32768"
    "memorysetup-temp-allocator-size-job-worker=262144"
    "memorysetup-temp-allocator-size-preload-manager=33554432"
    "memorysetup-temp-allocator-size-nav-mesh-worker=65536"
    "memorysetup-temp-allocator-size-audio-worker=65536"
    "memorysetup-temp-allocator-size-cloud-worker=32768"
    "memorysetup-temp-allocator-size-gi-baking-worker=262144"
    "memorysetup-temp-allocator-size-gfx=262144"
Player connection [36772] Host "[IP] 10.16.55.68 [Port] 0 [Flags] 2 [Guid] 1038152689 [EditorId] 1038152689 [Version] 1048832 [Id] WindowsEditor(7,keira) [Debug] 1 [PackageName] WindowsEditor [ProjectName] Editor" joined multi-casting on [225.0.0.222:54997]...

Player connection [36772] Host "[IP] 10.16.55.68 [Port] 0 [Flags] 2 [Guid] 1038152689 [EditorId] 1038152689 [Version] 1048832 [Id] WindowsEditor(7,keira) [Debug] 1 [PackageName] WindowsEditor [ProjectName] Editor" joined alternative multi-casting on [225.0.0.222:34997]...

[Physics::Module] Initialized MultithreadedJobDispatcher with 7 workers.
Refreshing native plugins compatible for Editor in 28.15 ms, found 3 plugins.
Preloading 0 native plugins for Editor in 0.00 ms.
Initialize engine version: 2022.3.17f1 (4fc78088f837)
[Subsystems] Discovering subsystems at path C:/Program Files/Unity/Hub/Editor/2022.3.17f1/Editor/Data/Resources/UnitySubsystems
[Subsystems] Discovering subsystems at path C:/Users/kiwib/OneDrive/Documents/GitHub/Untitled-Bacteria-Game/Lab3FR/Assets
GfxDevice: creating device client; threaded=0; jobified=0
Direct3D:
    Version:  Direct3D 11.0 [level 11.1]
    Renderer: NVIDIA GeForce RTX 3050 Ti Laptop GPU (ID=0x25a0)
    Vendor:   NVIDIA
    VRAM:     3978 MB
    Driver:   31.0.15.3892
Initialize mono
Mono path[0] = 'C:/Program Files/Unity/Hub/Editor/2022.3.17f1/Editor/Data/Managed'
Mono path[1] = 'C:/Program Files/Unity/Hub/Editor/2022.3.17f1/Editor/Data/MonoBleedingEdge/lib/mono/unityjit-win32'
Mono config path = 'C:/Program Files/Unity/Hub/Editor/2022.3.17f1/Editor/Data/MonoBleedingEdge/etc'
Using monoOptions --debugger-agent=transport=dt_socket,embedding=1,server=y,suspend=n,address=127.0.0.1:56080
Begin MonoManager ReloadAssembly
Registering precompiled unity dll's ...
Register platform support module: C:/Program Files/Unity/Hub/Editor/2022.3.17f1/Editor/Data/PlaybackEngines/WebGLSupport/UnityEditor.WebGL.Extensions.dll
Register platform support module: C:/Program Files/Unity/Hub/Editor/2022.3.17f1/Editor/Data/PlaybackEngines/WindowsStandaloneSupport/UnityEditor.WindowsStandalone.Extensions.dll
Registered in 0.009956 seconds.
- Loaded All Assemblies, in  0.492 seconds
Native extension for WindowsStandalone target not found
Native extension for WebGL target not found
Mono: successfully reloaded assembly
- Finished resetting the current domain, in  0.648 seconds
Domain Reload Profiling: 1139ms
	BeginReloadAssembly (131ms)
		ExecutionOrderSort (0ms)
		DisableScriptedObjects (0ms)
		BackupInstance (0ms)
		ReleaseScriptingObjects (0ms)
		CreateAndSetChildDomain (1ms)
	RebuildCommonClasses (47ms)
	RebuildNativeTypeToScriptingClass (14ms)
	initialDomainReloadingComplete (79ms)
	LoadAllAssembliesAndSetupDomain (219ms)
		LoadAssemblies (128ms)
		RebuildTransferFunctionScriptingTraits (0ms)
		AnalyzeDomain (216ms)
			TypeCache.Refresh (214ms)
				TypeCache.ScanAssembly (192ms)
			ScanForSourceGeneratedMonoScriptInfo (1ms)
			ResolveRequiredComponents (1ms)
	FinalizeReload (650ms)
		ReleaseScriptCaches (0ms)
		RebuildScriptCaches (0ms)
		SetupLoadedEditorAssemblies (553ms)
			LogAssemblyErrors (0ms)
			InitializePlatformSupportModulesInManaged (21ms)
			SetLoadedEditorAssemblies (6ms)
			RefreshPlugins (0ms)
			BeforeProcessingInitializeOnLoad (3ms)
			ProcessInitializeOnLoadAttributes (381ms)
			ProcessInitializeOnLoadMethodAttributes (142ms)
			AfterProcessingInitializeOnLoad (0ms)
			EditorAssembliesLoaded (0ms)
		ExecutionOrderSort2 (0ms)
		AwakeInstancesAfterBackupRestoration (0ms)
========================================================================
Worker process is ready to serve import requests
Begin MonoManager ReloadAssembly
- Loaded All Assemblies, in  0.900 seconds
Refreshing native plugins compatible for Editor in 6.09 ms, found 3 plugins.
Native extension for WindowsStandalone target not found
Native extension for WebGL target not found
Mono: successfully reloaded assembly
- Finished resetting the current domain, in  0.896 seconds
Domain Reload Profiling: 1791ms
	BeginReloadAssembly (187ms)
		ExecutionOrderSort (0ms)
		DisableScriptedObjects (7ms)
		BackupInstance (0ms)
		ReleaseScriptingObjects (0ms)
		CreateAndSetChildDomain (28ms)
	RebuildCommonClasses (45ms)
	RebuildNativeTypeToScriptingClass (16ms)
	initialDomainReloadingComplete (59ms)
	LoadAllAssembliesAndSetupDomain (587ms)
		LoadAssemblies (405ms)
		RebuildTransferFunctionScriptingTraits (0ms)
		AnalyzeDomain (283ms)
			TypeCache.Refresh (250ms)
				TypeCache.ScanAssembly (228ms)
			ScanForSourceGeneratedMonoScriptInfo (22ms)
			ResolveRequiredComponents (7ms)
	FinalizeReload (897ms)
		ReleaseScriptCaches (0ms)
		RebuildScriptCaches (0ms)
		SetupLoadedEditorAssemblies (656ms)
			LogAssemblyErrors (0ms)
			InitializePlatformSupportModulesInManaged (12ms)
			SetLoadedEditorAssemblies (6ms)
			RefreshPlugins (0ms)
			BeforeProcessingInitializeOnLoad (99ms)
			ProcessInitializeOnLoadAttributes (498ms)
			ProcessInitializeOnLoadMethodAttributes (30ms)
			AfterProcessingInitializeOnLoad (10ms)
			EditorAssembliesLoaded (0ms)
		ExecutionOrderSort2 (0ms)
		AwakeInstancesAfterBackupRestoration (8ms)
Launched and connected shader compiler UnityShaderCompiler.exe after 0.06 seconds
Refreshing native plugins compatible for Editor in 6.10 ms, found 3 plugins.
Preloading 0 native plugins for Editor in 0.00 ms.
Unloading 3562 Unused Serialized files (Serialized files now loaded: 0)
Unloading 38 unused Assets / (108.1 KB). Loaded Objects now: 4038.
Memory consumption went from 221.7 MB to 221.6 MB.
Total: 3.458200 ms (FindLiveObjects: 0.271400 ms CreateObjectMapping: 0.280500 ms MarkObjects: 2.675600 ms  DeleteObjects: 0.229200 ms)

AssetImportParameters requested are different than current active one (requested -> active):
  custom:container-demuxer-ogg: 62fdf1f143b41e24485cea50d1cbac27 -> 
  custom:video-codec-MediaFoundation-h265: 746d11721c4dcdbdad8f713fa42b33f4 -> 
  custom:video-decoder-ogg-theora: a1e56fd34408186e4bbccfd4996cb3dc -> 
  custom:framework-win-MediaFoundation: 216162199b28c13a410421893ffa2e32 -> 
  custom:CustomObjectIndexerAttribute: 6d391050e5a25f67b0a2c618074f2cd9 -> 
  custom:container-demuxer-webm: 4f35f7cbe854078d1ac9338744f61a02 -> 
  custom:container-muxer-webm: aa71ff27fc2769a1b78a27578f13a17b -> 
  custom:video-decoder-webm-vp8: 9c59270c3fd7afecdb556c50c9e8de78 -> 
  custom:SearchIndexIgnoredProperties: e643bd26f0fe6173181afceb89e7c659 -> 
  custom:AudioImporter_EditorPlatform: d09bf68614088b80899f8185d706f6e7 -> 
  custom:video-encoder-webm-vp8: eb34c28f22e8b96e1ab97ce403110664 -> 
  custom:audio-decoder-ogg-vorbis: bf7c407c2cedff20999df2af8eb42d56 -> 
  custom:audio-encoder-webm-vorbis: bf7c407c2cedff20999df2af8eb42d56 -> 
========================================================================
Received Import Request.
  Time since last request: 490988.637448 seconds.
  path: Assets/Environment Assets/Pandazole Nature Environment Pack/Prefabs/Bones_05.prefab
  artifactKey: Guid(7b3fadac312db27458762553d15b180b) Importer(815301076,1909f56bfc062723c751e8b465ee728b)
Start importing Assets/Environment Assets/Pandazole Nature Environment Pack/Prefabs/Bones_05.prefab using Guid(7b3fadac312db27458762553d15b180b) Importer(815301076,1909f56bfc062723c751e8b465ee728b)  -> (artifact id: 'f28bb95ff9ee22b7deb93146b8158239') in 0.800605 seconds
Number of updated asset objects reloaded before import = 0
Number of asset objects unloaded after import = 10
========================================================================
Received Import Request.
  Time since last request: 3.567264 seconds.
  path: Assets/Environment Assets/Pandazole Nature Environment Pack/Prefabs/Grass_11.prefab
  artifactKey: Guid(d8dee1d07c87c47479562b68e4ad7891) Importer(815301076,1909f56bfc062723c751e8b465ee728b)
Start importing Assets/Environment Assets/Pandazole Nature Environment Pack/Prefabs/Grass_11.prefab using Guid(d8dee1d07c87c47479562b68e4ad7891) Importer(815301076,1909f56bfc062723c751e8b465ee728b)  -> (artifact id: '3a784f89e696e0b071572bf7dabd237f') in 0.062212 seconds
Number of updated asset objects reloaded before import = 0
Number of asset objects unloaded after import = 10
========================================================================
Received Import Request.
  Time since last request: 0.000032 seconds.
  path: Assets/Environment Assets/Pandazole Nature Environment Pack/Prefabs/Grass_28.prefab
  artifactKey: Guid(4426048e372efa54c943d4f41b7e30ea) Importer(815301076,1909f56bfc062723c751e8b465ee728b)
Start importing Assets/Environment Assets/Pandazole Nature Environment Pack/Prefabs/Grass_28.prefab using Guid(4426048e372efa54c943d4f41b7e30ea) Importer(815301076,1909f56bfc062723c751e8b465ee728b)  -> (artifact id: 'a9db68b9c30d94ae36b88be106e71a8b') in 0.070336 seconds
Number of updated asset objects reloaded before import = 0
Number of asset objects unloaded after import = 10
========================================================================
Received Import Request.
  Time since last request: 0.000317 seconds.
  path: Assets/Environment Assets/Pandazole Nature Environment Pack/Prefabs/Grass_14.prefab
  artifactKey: Guid(a0800311628730a40a95dc6c2f9de7cb) Importer(815301076,1909f56bfc062723c751e8b465ee728b)
Start importing Assets/Environment Assets/Pandazole Nature Environment Pack/Prefabs/Grass_14.prefab using Guid(a0800311628730a40a95dc6c2f9de7cb) Importer(815301076,1909f56bfc062723c751e8b465ee728b)  -> (artifact id: 'd40e030af6fb0b4cae4789dfa2962c93') in 0.039935 seconds
Number of updated asset objects reloaded before import = 0
Number of asset objects unloaded after import = 10
========================================================================
Received Import Request.
  Time since last request: 0.000041 seconds.
  path: Assets/Environment Assets/Pandazole Nature Environment Pack/Prefabs/Grass_41.prefab
  artifactKey: Guid(dd72732cab1e29742b6f7260eb687c9c) Importer(815301076,1909f56bfc062723c751e8b465ee728b)
Start importing Assets/Environment Assets/Pandazole Nature Environment Pack/Prefabs/Grass_41.prefab using Guid(dd72732cab1e29742b6f7260eb687c9c) Importer(815301076,1909f56bfc062723c751e8b465ee728b)  -> (artifact id: '2b50604abe724352a3d6b06cbbc0cbbb') in 0.069066 seconds
Number of updated asset objects reloaded before import = 0
Number of asset objects unloaded after import = 10
========================================================================
Received Import Request.
  Time since last request: 0.000027 seconds.
  path: Assets/Environment Assets/Pandazole Nature Environment Pack/Prefabs/Grass_16.prefab
  artifactKey: Guid(7e0888ed6c206f644ae34fd149e86913) Importer(815301076,1909f56bfc062723c751e8b465ee728b)
Start importing Assets/Environment Assets/Pandazole Nature Environment Pack/Prefabs/Grass_16.prefab using Guid(7e0888ed6c206f644ae34fd149e86913) Importer(815301076,1909f56bfc062723c751e8b465ee728b)  -> (artifact id: '8f833333d792fb199358a5097bfa0969') in 0.049166 seconds
Number of updated asset objects reloaded before import = 0
Number of asset objects unloaded after import = 10
========================================================================
Received Import Request.
  Time since last request: 0.001055 seconds.
  path: Assets/Environment Assets/Pandazole Nature Environment Pack/Prefabs/Grass_25.prefab
  artifactKey: Guid(12b4cf93a448d954ebd34340448ca2a8) Importer(815301076,1909f56bfc062723c751e8b465ee728b)
Start importing Assets/Environment Assets/Pandazole Nature Environment Pack/Prefabs/Grass_25.prefab using Guid(12b4cf93a448d954ebd34340448ca2a8) Importer(815301076,1909f56bfc062723c751e8b465ee728b)  -> (artifact id: 'ae9020aa92be03832dcf06bcc9b422f1') in 0.042544 seconds
Number of updated asset objects reloaded before import = 0
Number of asset objects unloaded after import = 10
